[genlayer-js] initializeConsensusSmartContract() is deprecated and will be removed in a future release. The consensus contract is now resolved from the static chain definition.
- Waiting for transaction receipt 0x226bce6984828a5f01c7ba287664eae6140cd16b66bbe78ff4b52cd09498e25a (status: UNDETERMINED)...

Result:
{
  currentTimestamp: '1790060431',
  sender: '0x771388495F34d21C5574FeFc04cd1D5811E00aDa',
  recipient: '0x2B0AF1152eb297316382cD46E4710b142EE08809',
  initialRotations: 3n,
  txSlot: '1',
  createdTimestamp: '1790060248',
  lastVoteTimestamp: '1790060395',
  randomSeed: '0x0549fa45a84be391a27036416626c18de175a6331704d04579390b0215ee143b',
  result: 5,
  txExecutionHash: '0x1b83ed74a40ac79209ccf40bdf7dfc4497ee78afcbf3bc7438299143321f29d2',
  txCalldata: '0xf901b5b901b1160461726773359c024c61756e63682077726974652d757020666f722074686520696e746567726174696f6edc055468652064656c6976657261626c6520697320616363657074656420696620697420636f6e7461696e7320746865202347656e4c61796572206861736874616720616e642061206c696e6b20746f207468652070726f6a6563742e840437343666343836653836316236313266666530366132313138663862656364306434346232303230353231343865613833633265383234386435666566643665ec0c5b22536869707065642069742e202347656e4c617965722068747470733a2f2f6578616d706c652e6f72672f70722f31222c22536869707065642069742c206e6f2074616720616e64206e6f206c696e6b2e222c222367656e6c6179657220696e206c6f77657220636173652c207769746820746865206c696e6b206f6e6c7920696e2061207265706c79222c225468652068617368746167206170706561727320696e7369646520616e20617474616368656420696d616765205b696d6167652061747461636865645d225dc19a0c9103066d6574686f64546f70656e5f627269656600',
  eqBlocksOutputs: '0xe09800ac017b2267617465223a2022444543494441424c45227d86706164646564',
  queueType: 0,
  queuePosition: '0',
  activator: '0x4FC292d5D255Ec8Ad4cdcd36c5E188dfEE9D160e',
  lastLeader: '0x2d012a292244C7ce6423a114d19109990923Af76',
  status: 6,
  txId: '0x226bce6984828a5f01c7ba287664eae6140cd16b66bbe78ff4b52cd09498e25a',
  readStateBlockRange: {
    activationBlock: '22531205',
    processingBlock: '22531342',
    proposalBlock: '22531344'
  },
  numOfRounds: '0',
  lastRound: {
    round: '0',
    leaderIndex: '3',
    votesCommitted: '5',
    votesRevealed: '5',
    appealBond: '0',
    rotationsLeft: '0',
    result: 5,
    roundValidators: [
      '0x4FC292d5D255Ec8Ad4cdcd36c5E188dfEE9D160e',
      '0x2CD9051E10cd1547a7b64eF61EbF1E608235dBda',
      '0xB93a46B843fB32E8Ce392e68eDFE93Faa4a40817',
      '0x2d012a292244C7ce6423a114d19109990923Af76',
      '0x59dC5E6fD7428c5Ee6fc24aE2B99E5860A9c9499'
    ],
    validatorVotes: [ 4, 2, 3, 4, 2 ],
    validatorVotesHash: [
      '0x5b17ed8481897df16c9712f30979a38b0fec6f531ef8c796cbb429bb61937ac9',
      '0xe20504a5e4252d16928567564cdf7d4179c0a18b00d337b09fc80b2f1eafe074',
      '0x7bd6928c5ace89ad147f01ed388440ea2eaae449d0b32c3b3c45db6319914bba',
      '0x87083474b0d0dd6620a37d4ea24cbb7f017e071a10e795dab437a71b9643ae3e',
      '0x169254f69eac165b898eba999d34a1d10c3b97f2978f0360334c6b6c11286a53'
    ],
    validatorResultHash: [
      '0xff4c5c7c00c1591f842b7d556f549e9fbcdb5973165293881e9bd0eedbef6120',
      '0x6afcf54b721e330af791323589b39f2630f9b331e5ffd4ce5f255c7280c26d30',
      '0x9fc8d2d92c2ea25ae2ac3d9b20370cb9cb1e53d073b5c1a20b03621ca750f8df',
      '0xff4c5c7c00c1591f842b7d556f549e9fbcdb5973165293881e9bd0eedbef6120',
      '0x6afcf54b721e330af791323589b39f2630f9b331e5ffd4ce5f255c7280c26d30'
    ],
    validatorVotesName: [
      'DETERMINISTIC_VIOLATION',
      'DISAGREE',
      'TIMEOUT',
      'DETERMINISTIC_VIOLATION',
      'DISAGREE'
    ]
  },
  consumedValidators: [
    '0x4Cd1ab61867487F45988dB08eb18bd00e20c518a',
    '0x4FC292d5D255Ec8Ad4cdcd36c5E188dfEE9D160e',
    '0x58a7b7ac6Cb01843e4e5af117C551E59449E0F49',
    '0x2CD9051E10cd1547a7b64eF61EbF1E608235dBda',
    '0xB93a46B843fB32E8Ce392e68eDFE93Faa4a40817',
    '0xF01877B6Ac60861CA3b134e0E483C482679b4682',
    '0x2d012a292244C7ce6423a114d19109990923Af76',
    '0x59dC5E6fD7428c5Ee6fc24aE2B99E5860A9c9499'
  ],
  txExecutionResult: 2,
  txData: '0xf901b5b901b1160461726773359c024c61756e63682077726974652d757020666f722074686520696e746567726174696f6edc055468652064656c6976657261626c6520697320616363657074656420696620697420636f6e7461696e7320746865202347656e4c61796572206861736874616720616e642061206c696e6b20746f207468652070726f6a6563742e840437343666343836653836316236313266666530366132313138663862656364306434346232303230353231343865613833633265383234386435666566643665ec0c5b22536869707065642069742e202347656e4c617965722068747470733a2f2f6578616d706c652e6f72672f70722f31222c22536869707065642069742c206e6f2074616720616e64206e6f206c696e6b2e222c222367656e6c6179657220696e206c6f77657220636173652c207769746820746865206c696e6b206f6e6c7920696e2061207265706c79222c225468652068617368746167206170706561727320696e7369646520616e20617474616368656420696d616765205b696d6167652061747461636865645d225dc19a0c9103066d6574686f64546f70656e5f627269656600',
  txDataDecoded: { leaderOnly: false, type: 'call' },
  numOfInitialValidators: '3',
  status_name: 'UNDETERMINED',
  resultName: 'NO_MAJORITY',
  txExecutionResultName: 'FINISHED_WITH_ERROR'
}

✔ Transaction receipt retrieved successfully
